// Jest Snapshot v1, https://goo.gl/fbAQLP

exports[`<Main /> Should render the heading 1`] = `
<main>
  <h1>
    React avan√ßado come vain
  </h1>
</main>
`
